
Running 1 test using 1 worker


(node:28486) Warning: The 'NO_COLOR' env is ignored due to the 'FORCE_COLOR' env being set.
(Use `node --trace-warnings ...` to show where the warning was created)

[1/1] [chromium] › scenarios/lz-ppm/campaign-seventeenth-forensic.spec.ts:17:1 › seventeenth forensic readonly: context-return and actual analyze preserve exact retained state
[chromium] › scenarios/lz-ppm/campaign-seventeenth-forensic.spec.ts:17:1 › seventeenth forensic readonly: context-return and actual analyze preserve exact retained state
HARNESS_BROWSER_RECEIPT {"mode":"portable-chrome152","browserVersion":"152.0.7977.76","principalSha256":"b4cb5211a5e4d44c9f3a6bc909588c2fe62162358d4b0c04da52aa6977433769","uiVersion":"4.58.585","appUrl":"https://wolfaenpak.atlassian.net/jira/apps/087a8e18-d45a-4cb7-9d87-3e84101ac4f3/d6096af9-3082-4ee1-a05e-f8b61d766b77","executableSha256":"755178ee89130a6f1c94cc4ecb2289fe74240db3e7efe9ec69a6cfcd4b93a6ee","frameworkSha256":"bfea9981cc61dfa72d847c920f274e4e96e362954f451198d8ee1650cbefb2e6","admittedAt":"2026-09-06T09:56:13.649Z"}

  1) [chromium] › scenarios/lz-ppm/campaign-seventeenth-forensic.spec.ts:17:1 › seventeenth forensic readonly: context-return and actual analyze preserve exact retained state 

    AggregateError: Read-only forensic modes failed; exact raw results retained

      61 |    journal.finalJob=job;journal.finalProbe=await probe();verifyCaptureProbe(journal.finalProbe,{planId,jobId,...job},before);expect(journal.finalProbe).toEqual(before);await snapshot();await baseline();expect(await owned()).toEqual(originalOwned);expect(await read('getCapacitySettings')).toEqual(expectedPrefs);save();}catch(error){throw new AggregateError([...forensicErrors,error],'Read-only forensic outcome and post-call integrity failure');}
      62 |   }
    > 63 |   expect(journal.advanceCalls).toBe(0);journal.reviewRequired=true;record('stopped-for-root-review',{forensicErrorCount:forensicErrors.length,state:job.state,checkpoint:job.checkpoint});if(forensicErrors.length)throw new AggregateError(forensicErrors,'Read-only forensic modes failed; exact raw results retained');journal.completed=true;save();
         |                                                                                                                                                                                                                          ^
      64 |
      65 |  }catch(error){bodyError=error;record('body-error',String(error));throw error;}
      66 |  finally{const errors:any[]=[];for(const[label,audit]of[
        at /Users/mihaiperdum/Projects/forge-live-harness/scenarios/lz-ppm/campaign-seventeenth-forensic.spec.ts:63:218

    Error: expect(received).toBe(expected) // Object.is equality

    Expected: 200
    Received: 424

      55 |   const forensicRead=createForensicReader({base:process.env.LZ_PPM_TESTHOOK_URL,secret:process.env.HARNESS_SECRET,onObserved:(v:any)=>record('forensic-transport',v)});const forensicErrors:any[]=[];let priorEntryHash:any;
      56 |   for(const mode of ['context','analyze']){
    > 57 |    try{record('forensic-before-call',{mode});const observed:any=await forensicRead(mode);journal.forensicCalls??=[];journal.forensicCalls.push(observed);save();expect(observed.httpStatus).toBe(200);expect(observed.parseError).toBeUndefined();const result=verifyForensicResult(observed.body,{mode,planId,jobId,metaHash,contextHash:contextArtifact.expectedHash,previousEntryHash:priorEntryHash});priorEntryHash=result.entryHashBefore;record('forensic-verified',result);}
         |                                                                                                                                                                                             ^
      58 |    catch(error){forensicErrors.push(error);record('forensic-mode-error',{mode,message:String(error)});}
      59 |    // Guard every fixed call before the next one. No unknown or changed state licenses another call.
      60 |    try{for(let n=0;n<2;n++){job=checkedJob((await read('getSponsorReportCapture',{planId,jobId})).job);expect(job).toEqual(initialJob);record('post-forensic-status',job);}
        at /Users/mihaiperdum/Projects/forge-live-harness/scenarios/lz-ppm/campaign-seventeenth-forensic.spec.ts:57:189

    Error Context: evidence/lz-campaign/seventeenth-forensic-readonly-20260906/artifacts/scenarios-lz-ppm-campaign--bce08-eserve-exact-retained-state-chromium/error-context.md


  1 failed
    [chromium] › scenarios/lz-ppm/campaign-seventeenth-forensic.spec.ts:17:1 › seventeenth forensic readonly: context-return and actual analyze preserve exact retained state 
