
Running 1 test using 1 worker


(node:46997) Warning: The 'NO_COLOR' env is ignored due to the 'FORCE_COLOR' env being set.
(Use `node --trace-warnings ...` to show where the warning was created)

[1/1] [chromium] › scenarios/lz-ppm/campaign-private-retained-continuation.spec.ts:18:1 › retained private report: exact failed-run owner reopen export and guarded cleanup without recapture
[chromium] › scenarios/lz-ppm/campaign-private-retained-continuation.spec.ts:18:1 › retained private report: exact failed-run owner reopen export and guarded cleanup without recapture
HARNESS_BROWSER_RECEIPT {"mode":"portable-chrome152","browserVersion":"152.0.7977.76","principalSha256":"b4cb5211a5e4d44c9f3a6bc909588c2fe62162358d4b0c04da52aa6977433769","uiVersion":"4.58.588","appUrl":"https://wolfaenpak.atlassian.net/jira/apps/087a8e18-d45a-4cb7-9d87-3e84101ac4f3/d6096af9-3082-4ee1-a05e-f8b61d766b77","executableSha256":"755178ee89130a6f1c94cc4ecb2289fe74240db3e7efe9ec69a6cfcd4b93a6ee","frameworkSha256":"bfea9981cc61dfa72d847c920f274e4e96e362954f451198d8ee1650cbefb2e6","admittedAt":"2026-09-06T18:28:34.723Z"}

  1) [chromium] › scenarios/lz-ppm/campaign-private-retained-continuation.spec.ts:18:1 › retained private report: exact failed-run owner reopen export and guarded cleanup without recapture 

    AggregateError: Private witness audits failed; owned ledger retained

       at scenarios/lz-ppm/private-report-witness-contract.mjs:55

      53 |  const errors=[];try{await stop();}catch(error){errors.push(safePrivateError(error));}
      54 |  for(const audit of audits)try{await audit();}catch(error){errors.push(safePrivateError(error));}
    > 55 |  journal.integrityPreserved=errors.length===0;journal.state=journal.completed&&errors.length===0?'completed':'recovery-required';persist();if(errors.length)throw new AggregateError(errors,'Private witness audits failed; owned ledger retained');
         |                                                                                                                                                                   ^
      56 | }
      57 |
        at finishPrivateWitness (/Users/mihaiperdum/Projects/forge-live-harness/scenarios/lz-ppm/private-report-witness-contract.mjs:55:163)
        at /Users/mihaiperdum/Projects/forge-live-harness/scenarios/lz-ppm/campaign-private-retained-continuation.spec.ts:66:7

    Error: Private witness operation failed; original detail withheld

       at scenarios/lz-ppm/private-report-witness-contract.mjs:51

      49 |  assert.equal(previous.state,'cancelled');assert.equal(previous.cleanupDone,false);return cancelledSuccessor(previous,next);
      50 | }
    > 51 | export function safePrivateError(error){const detail=String(error?.message??error);return Object.assign(new Error('Private witness operation failed; original detail withheld'),{detailSha256:createHash('sha256').update(detail).digest('hex'),detailBytes:Buffer.byteLength(detail)});}
         |                                                                                                         ^
      52 | export async function finishPrivateWitness({journal,persist,stop,audits}){
      53 |  const errors=[];try{await stop();}catch(error){errors.push(safePrivateError(error));}
      54 |  for(const audit of audits)try{await audit();}catch(error){errors.push(safePrivateError(error));}
        at safePrivateError (/Users/mihaiperdum/Projects/forge-live-harness/scenarios/lz-ppm/private-report-witness-contract.mjs:51:105)
        at finishPrivateWitness (/Users/mihaiperdum/Projects/forge-live-harness/scenarios/lz-ppm/private-report-witness-contract.mjs:54:72)
        at /Users/mihaiperdum/Projects/forge-live-harness/scenarios/lz-ppm/campaign-private-retained-continuation.spec.ts:66:7

    Error Context: evidence/lz-campaign/private-retained-continuation-20260906/artifacts/scenarios-lz-ppm-campaign--bd9a9-d-cleanup-without-recapture-chromium/error-context.md


  1 failed
    [chromium] › scenarios/lz-ppm/campaign-private-retained-continuation.spec.ts:18:1 › retained private report: exact failed-run owner reopen export and guarded cleanup without recapture 
