
Running 1 test using 1 worker


(node:33688) Warning: The 'NO_COLOR' env is ignored due to the 'FORCE_COLOR' env being set.
(Use `node --trace-warnings ...` to show where the warning was created)

[1/1] [chromium] › scenarios/lz-ppm/campaign-identity.spec.ts:14:1 › campaign: actual UI version and preserved LZPT source
[chromium] › scenarios/lz-ppm/campaign-identity.spec.ts:14:1 › campaign: actual UI version and preserved LZPT source
HARNESS_BROWSER_RECEIPT {"mode":"portable-chrome152","browserVersion":"152.0.7977.76","principalSha256":"b4cb5211a5e4d44c9f3a6bc909588c2fe62162358d4b0c04da52aa6977433769","uiVersion":"4.58.588","appUrl":"https://wolfaenpak.atlassian.net/jira/apps/087a8e18-d45a-4cb7-9d87-3e84101ac4f3/d6096af9-3082-4ee1-a05e-f8b61d766b77","executableSha256":"755178ee89130a6f1c94cc4ecb2289fe74240db3e7efe9ec69a6cfcd4b93a6ee","frameworkSha256":"bfea9981cc61dfa72d847c920f274e4e96e362954f451198d8ee1650cbefb2e6","admittedAt":"2026-09-06T19:31:35.728Z"}

  1) [chromium] › scenarios/lz-ppm/campaign-identity.spec.ts:14:1 › campaign: actual UI version and preserved LZPT source 

    AssertionError: Expected values to be strictly equal:
    actual expected

    'retained-after-failure'


       at scenarios/lz-ppm/retained-identity-policy.mjs:16

      14 |   assert.equal(actualLedgerPath,path.resolve(ledgerPath),'Symlinked ledger/ancestor must not escape the attempt');
      15 |   const before=JSON.parse(beforeBytes);
    > 16 |   assert.equal(ledger.schema,1);assert.equal(ledger.state,'retained');
         |                                        ^
      17 |   assert.equal(ledger.runId,runId);assert.ok(typeof runId==='string'&&runId.length>0);
      18 |   assert.equal(ledger.unitDir,path.resolve(unitDir));
      19 |   assert.equal(ledger.beforeIdentitySha256,createHash('sha256').update(beforeBytes).digest('hex'));
        at retainedIdentityPolicy (/Users/mihaiperdum/Projects/forge-live-harness/scenarios/lz-ppm/retained-identity-policy.mjs:16:40)
        at /Users/mihaiperdum/Projects/forge-live-harness/scenarios/lz-ppm/campaign-identity.spec.ts:70:28

    Error Context: evidence/lz-campaign/retained-uat-acceptance-20260906/retained-uat-live/attempt-001/after-artifacts/scenarios-lz-ppm-campaign--76c53-n-and-preserved-LZPT-source-chromium/error-context.md


  1 failed
    [chromium] › scenarios/lz-ppm/campaign-identity.spec.ts:14:1 › campaign: actual UI version and preserved LZPT source 
