2026-09-06T17:32:03.781696+00:00 NOW normalization NEXT estimated unknown until first measured feature SWEEP estimated unknown until first measured feature
2026-09-06T17:32:03.783829+00:00 ACTIVE normalization child 27123
2026-09-06T17:32:12.744698+00:00 ACTIVE normalization child 27414
2026-09-06T17:32:27.920172+00:00 ACTIVE normalization child 27414
2026-09-06T17:32:43.076261+00:00 ACTIVE normalization child 27414
2026-09-06T17:32:58.229299+00:00 ACTIVE normalization child 27414
2026-09-06T17:32:59.778436+00:00 ACTIVE normalization child 29102
2026-09-06T17:33:08.250818+00:00 RESULT normalization passed
2026-09-06T17:33:08.258827+00:00 NOW persistence-durability NEXT estimated 2026-09-06T17:34:12.726093+00:00 SWEEP estimated 2026-09-06T17:34:12.726101+00:00
2026-09-06T17:33:08.260769+00:00 ACTIVE persistence-durability child 29335
2026-09-06T17:33:16.976376+00:00 ACTIVE persistence-durability child 29800
2026-09-06T17:33:32.135585+00:00 ACTIVE persistence-durability child 29800
2026-09-06T17:33:47.254165+00:00 ACTIVE persistence-durability child 29800
2026-09-06T17:34:02.397324+00:00 ACTIVE persistence-durability child 29800
2026-09-06T17:34:17.496357+00:00 ACTIVE persistence-durability child 29800
2026-09-06T17:34:32.618726+00:00 ACTIVE persistence-durability child 29800
2026-09-06T17:34:47.739468+00:00 ACTIVE persistence-durability child 29800
2026-09-06T17:35:02.860353+00:00 ACTIVE persistence-durability child 29800
2026-09-06T17:35:18.066125+00:00 ACTIVE persistence-durability child 29800
2026-09-06T17:35:33.297246+00:00 ACTIVE persistence-durability child 29800
2026-09-06T17:35:48.543100+00:00 ACTIVE persistence-durability child 29800
2026-09-06T17:36:03.762423+00:00 ACTIVE persistence-durability child 29800
2026-09-06T17:36:18.996404+00:00 ACTIVE persistence-durability child 29800
2026-09-06T17:36:31.669310+00:00 ACTIVE persistence-durability child 36244
2026-09-06T17:36:40.294793+00:00 RESULT persistence-durability passed
