2026-09-05T21:25:27.896935+00:00 NOW large-history-report-live NEXT estimated unknown until first measured feature SWEEP estimated unknown until first measured feature
2026-09-05T21:25:27.898844+00:00 ACTIVE large-history-report-live child 48156
2026-09-05T21:25:33.781095+00:00 ACTIVE large-history-report-live child 48306
2026-09-05T21:25:48.923534+00:00 ACTIVE large-history-report-live child 48306
2026-09-05T21:26:04.014910+00:00 ACTIVE large-history-report-live child 48306
2026-09-05T21:26:19.170498+00:00 ACTIVE large-history-report-live child 48306
2026-09-05T21:26:34.320881+00:00 ACTIVE large-history-report-live child 48306
2026-09-05T21:26:49.430634+00:00 ACTIVE large-history-report-live child 48306
2026-09-05T21:26:54.556916+00:00 ACTIVE large-history-report-live child 49944
2026-09-05T21:27:00.242161+00:00 RESULT large-history-report-live failed
2026-09-05T21:27:00.246838+00:00 NOW integrated-final-boundaries-live NEXT estimated 2026-09-05T21:28:32.590122+00:00 SWEEP estimated 2026-09-05T21:28:32.590131+00:00
2026-09-05T21:27:00.248638+00:00 ACTIVE integrated-final-boundaries-live child 50115
2026-09-05T21:27:05.693666+00:00 ACTIVE integrated-final-boundaries-live child 50154
2026-09-05T21:27:20.866454+00:00 ACTIVE integrated-final-boundaries-live child 50154
2026-09-05T21:27:36.046559+00:00 ACTIVE integrated-final-boundaries-live child 50154
2026-09-05T21:27:51.269601+00:00 ACTIVE integrated-final-boundaries-live child 50154
2026-09-05T21:28:06.468760+00:00 ACTIVE integrated-final-boundaries-live child 50154
2026-09-05T21:28:21.583179+00:00 ACTIVE integrated-final-boundaries-live child 50154
2026-09-05T21:28:36.793302+00:00 ACTIVE integrated-final-boundaries-live child 50154
2026-09-05T21:28:51.933936+00:00 ACTIVE integrated-final-boundaries-live child 50154
2026-09-05T21:29:07.101463+00:00 ACTIVE integrated-final-boundaries-live child 50154
2026-09-05T21:29:22.291308+00:00 ACTIVE integrated-final-boundaries-live child 50154
2026-09-05T21:29:37.451949+00:00 ACTIVE integrated-final-boundaries-live child 50154
2026-09-05T21:29:52.581176+00:00 ACTIVE integrated-final-boundaries-live child 50154
2026-09-05T21:30:07.743709+00:00 ACTIVE integrated-final-boundaries-live child 50154
2026-09-05T21:30:22.847399+00:00 ACTIVE integrated-final-boundaries-live child 50154
2026-09-05T21:30:38.031028+00:00 ACTIVE integrated-final-boundaries-live child 50154
2026-09-05T21:30:53.207413+00:00 ACTIVE integrated-final-boundaries-live child 50154
2026-09-05T21:31:08.366425+00:00 ACTIVE integrated-final-boundaries-live child 50154
2026-09-05T21:31:23.502725+00:00 ACTIVE integrated-final-boundaries-live child 50154
2026-09-05T21:31:38.665813+00:00 ACTIVE integrated-final-boundaries-live child 50154
2026-09-05T21:31:53.808228+00:00 ACTIVE integrated-final-boundaries-live child 50154
2026-09-05T21:32:08.933910+00:00 ACTIVE integrated-final-boundaries-live child 50154
2026-09-05T21:32:24.100638+00:00 ACTIVE integrated-final-boundaries-live child 50154
2026-09-05T21:32:39.313743+00:00 ACTIVE integrated-final-boundaries-live child 50154
2026-09-05T21:32:54.473346+00:00 ACTIVE integrated-final-boundaries-live child 50154
2026-09-05T21:33:09.620824+00:00 ACTIVE integrated-final-boundaries-live child 50154
2026-09-05T21:33:24.760995+00:00 ACTIVE integrated-final-boundaries-live child 50154
2026-09-05T21:33:39.918404+00:00 ACTIVE integrated-final-boundaries-live child 50154
2026-09-05T21:33:55.117983+00:00 ACTIVE integrated-final-boundaries-live child 50154
2026-09-05T21:34:00.281531+00:00 ACTIVE integrated-final-boundaries-live child 57911
2026-09-05T21:34:01.099363+00:00 RESULT integrated-final-boundaries-live integrity_failed
