
Running 1 test using 1 worker


(node:85581) Warning: The 'NO_COLOR' env is ignored due to the 'FORCE_COLOR' env being set.
(Use `node --trace-warnings ...` to show where the warning was created)

[1/1] [chromium] › scenarios/lz-ppm/campaign-report-legacy-upgrade.spec.ts:12:49 › legacy report finish: real old paused raw job preserves identical report across codec upgrade
[chromium] › scenarios/lz-ppm/campaign-report-legacy-upgrade.spec.ts:12:49 › legacy report finish: real old paused raw job preserves identical report across codec upgrade
HARNESS_BROWSER_RECEIPT {"mode":"portable-chrome152","browserVersion":"152.0.7977.76","principalSha256":"b4cb5211a5e4d44c9f3a6bc909588c2fe62162358d4b0c04da52aa6977433769","uiVersion":"4.58.585","appUrl":"https://wolfaenpak.atlassian.net/jira/apps/087a8e18-d45a-4cb7-9d87-3e84101ac4f3/d6096af9-3082-4ee1-a05e-f8b61d766b77","executableSha256":"755178ee89130a6f1c94cc4ecb2289fe74240db3e7efe9ec69a6cfcd4b93a6ee","frameworkSha256":"bfea9981cc61dfa72d847c920f274e4e96e362954f451198d8ee1650cbefb2e6","admittedAt":"2026-09-06T06:06:16.949Z"}

  1) [chromium] › scenarios/lz-ppm/campaign-report-legacy-upgrade.spec.ts:12:49 › legacy report finish: real old paused raw job preserves identical report across codec upgrade 

    Error: expect(received).toEqual(expected) // deep equality

    - Expected  - 2
    + Received  + 2

    @@ -77,12 +77,12 @@
              "type": "jql",
            },
          ],
          "status": "indexed",
          "statusMessage": null,
    -     "updatedAt": "2026-09-06T06:01:57.554Z",
    -     "version": 2,
    +     "updatedAt": "2026-09-06T06:02:51.817Z",
    +     "version": 3,
          "writability": Object {
            "blocked": 0,
            "byReason": Object {},
            "checks": Object {
              "backfilled": 0,

      34 |    expect(await issue()).toEqual(journal.originalIssue);expect(await ownPlan()).toEqual(journal.originalPlan);journal.completed=true;record('prepared-retained-for-upgrade',{planId:journal.planId,issue:journal.issue,job:journal.pausedJob});
      35 |   }else{
    > 36 |    expect(await issue()).toEqual(prepared.originalIssue);expect(await ownPlan()).toEqual(prepared.originalPlan);await drafts(journal.planId);expect(await read('getLockStatus',{planId:journal.planId})).toMatchObject({locked:false});const job=(await read('getSponsorReportCapture',{planId:journal.planId,jobId:prepared.pausedJob.id})).job;admitLegacyReceipt(prepared,job,journal.planId,receipt);const {success,...calendar}=await read('getPlanCalendar',{planId:journal.planId});expect(calendar).toEqual(prepared.calendar);expect(legacyForecastInput(prepared.originalPlan,calendar)).toEqual(prepared.expectedInput);expect(await probe(job)).toEqual(prepared.pausedProbe);
         |                                                                                  ^
      37 |    const frame=await table(page,name),work=await planning(frame);session=observeReportCapture(page,journal.planId,info,'legacy-finish',job);await work.getByRole('button',{name:'Sponsor reports',exact:true}).click();const report=work.locator('[data-testid="sponsor-reports"]');await expect(report.getByRole('button',{name:'Resume capture',exact:true})).toBeVisible();await session.settle();expect(session.recorder.snapshot().events.some((e:any)=>e.type==='request'&&e.key==='advanceSponsorReportCapture')).toBe(false);
      38 |    held=await holdFirstReportAdvance(page,journal.planId,(event:any)=>record('held-response',event),(b:any)=>b?.job?.state==='active'&&b.job.stageLabel==='Preparing the retained schedule');await report.getByRole('button',{name:'Resume capture',exact:true}).click();journal.conversionEntered=await pauseHeld(report);expect(journal.conversionEntered.checkpoint).toBe(job.checkpoint+1);const entering=await probe(journal.conversionEntered);expect(entering.privateArtifacts).toEqual(prepared.pausedProbe.privateArtifacts);expect(entering.publicArtifacts).toEqual([]);
      39 |    held=await holdFirstReportAdvance(page,journal.planId,(event:any)=>record('held-response',event),(b:any)=>b?.job?.state==='active'&&b.job.stageLabel==='Calculating the forecast');await report.getByRole('button',{name:'Resume capture',exact:true}).click();journal.conversionCompleted=await pauseHeld(report);expect(journal.conversionCompleted.checkpoint).toBeGreaterThan(journal.conversionEntered.checkpoint);journal.encodedProbe=await probe(journal.conversionCompleted);assertLegacyExpansion(prepared.pausedProbe,journal.encodedProbe);await settledScreenshot(report.locator('[data-testid="report-capture-progress"]'),{path:info.outputPath('legacy-converted-paused.png')});expect(await issue()).toEqual(prepared.originalIssue);expect(await ownPlan()).toEqual(prepared.originalPlan);
        at /Users/mihaiperdum/Projects/forge-live-harness/scenarios/lz-ppm/campaign-report-legacy-upgrade.spec.ts:36:82

    Error Context: evidence/lz-campaign/sixteenth-legacy-finish-20260906/artifacts/scenarios-lz-ppm-campaign--dc1f4-report-across-codec-upgrade-chromium/error-context.md


  1 failed
    [chromium] › scenarios/lz-ppm/campaign-report-legacy-upgrade.spec.ts:12:49 › legacy report finish: real old paused raw job preserves identical report across codec upgrade 
