2026-09-06T16:53:30.012168+00:00 NOW report-capture-jobs-live NEXT estimated unknown until first measured feature SWEEP estimated unknown until first measured feature
2026-09-06T16:53:30.014205+00:00 ACTIVE report-capture-jobs-live child 69736
2026-09-06T16:53:39.282214+00:00 ACTIVE report-capture-jobs-live child 69927
2026-09-06T16:53:54.390756+00:00 ACTIVE report-capture-jobs-live child 69927
2026-09-06T16:54:09.521760+00:00 ACTIVE report-capture-jobs-live child 69927
2026-09-06T16:54:24.685968+00:00 ACTIVE report-capture-jobs-live child 69927
2026-09-06T16:54:39.815966+00:00 ACTIVE report-capture-jobs-live child 69927
2026-09-06T16:54:54.949458+00:00 ACTIVE report-capture-jobs-live child 69927
2026-09-06T16:55:10.004326+00:00 ACTIVE report-capture-jobs-live child 69927
2026-09-06T16:55:25.210744+00:00 ACTIVE report-capture-jobs-live child 69927
2026-09-06T16:55:40.426891+00:00 ACTIVE report-capture-jobs-live child 69927
2026-09-06T16:55:55.644058+00:00 ACTIVE report-capture-jobs-live child 69927
2026-09-06T16:56:10.873247+00:00 ACTIVE report-capture-jobs-live child 69927
2026-09-06T16:56:26.115721+00:00 ACTIVE report-capture-jobs-live child 69927
2026-09-06T16:56:41.328449+00:00 ACTIVE report-capture-jobs-live child 69927
2026-09-06T16:56:56.552210+00:00 ACTIVE report-capture-jobs-live child 69927
2026-09-06T16:57:11.799625+00:00 ACTIVE report-capture-jobs-live child 69927
2026-09-06T16:57:27.016835+00:00 ACTIVE report-capture-jobs-live child 69927
2026-09-06T16:57:42.262621+00:00 ACTIVE report-capture-jobs-live child 69927
2026-09-06T16:57:57.480573+00:00 ACTIVE report-capture-jobs-live child 69927
2026-09-06T16:57:59.759379+00:00 ACTIVE report-capture-jobs-live child 74398
2026-09-06T16:58:08.647594+00:00 RESULT report-capture-jobs-live passed
2026-09-06T16:58:08.660179+00:00 NOW sponsor-report-numeric-live NEXT estimated 2026-09-06T17:02:47.292703+00:00 SWEEP estimated 2026-09-06T17:12:04.557789+00:00
2026-09-06T16:58:08.663933+00:00 ACTIVE sponsor-report-numeric-live child 74547
2026-09-06T16:58:17.292587+00:00 ACTIVE sponsor-report-numeric-live child 74760
2026-09-06T16:58:32.529435+00:00 ACTIVE sponsor-report-numeric-live child 74760
2026-09-06T16:58:47.744630+00:00 ACTIVE sponsor-report-numeric-live child 74760
2026-09-06T16:59:02.974521+00:00 ACTIVE sponsor-report-numeric-live child 74760
2026-09-06T16:59:18.189288+00:00 ACTIVE sponsor-report-numeric-live child 74760
2026-09-06T16:59:33.429589+00:00 ACTIVE sponsor-report-numeric-live child 74760
2026-09-06T16:59:48.645316+00:00 ACTIVE sponsor-report-numeric-live child 74760
2026-09-06T17:00:03.882999+00:00 ACTIVE sponsor-report-numeric-live child 74760
2026-09-06T17:00:19.031334+00:00 ACTIVE sponsor-report-numeric-live child 74760
2026-09-06T17:00:34.222383+00:00 ACTIVE sponsor-report-numeric-live child 74760
2026-09-06T17:00:40.633640+00:00 ACTIVE sponsor-report-numeric-live child 76722
2026-09-06T17:00:49.379475+00:00 RESULT sponsor-report-numeric-live passed
2026-09-06T17:00:49.388094+00:00 NOW sponsor-report-live NEXT estimated 2026-09-06T17:04:29.063081+00:00 SWEEP estimated 2026-09-06T17:08:08.738089+00:00
2026-09-06T17:00:49.390233+00:00 ACTIVE sponsor-report-live child 76921
2026-09-06T17:00:58.125468+00:00 ACTIVE sponsor-report-live child 76944
2026-09-06T17:01:13.265667+00:00 ACTIVE sponsor-report-live child 76944
2026-09-06T17:01:28.370772+00:00 ACTIVE sponsor-report-live child 76944
2026-09-06T17:01:43.498139+00:00 ACTIVE sponsor-report-live child 76944
2026-09-06T17:01:58.687458+00:00 ACTIVE sponsor-report-live child 76944
2026-09-06T17:02:13.865349+00:00 ACTIVE sponsor-report-live child 76944
2026-09-06T17:02:26.932679+00:00 ACTIVE sponsor-report-live child 78263
2026-09-06T17:02:35.411039+00:00 RESULT sponsor-report-live passed
2026-09-06T17:02:35.420822+00:00 NOW large-history-report-live NEXT estimated 2026-09-06T17:05:37.211188+00:00 SWEEP estimated 2026-09-06T17:05:37.211206+00:00
2026-09-06T17:02:35.423432+00:00 ACTIVE large-history-report-live child 78414
2026-09-06T17:02:43.888130+00:00 ACTIVE large-history-report-live child 78584
2026-09-06T17:02:59.033653+00:00 ACTIVE large-history-report-live child 78584
2026-09-06T17:03:14.190460+00:00 ACTIVE large-history-report-live child 78584
2026-09-06T17:03:29.328405+00:00 ACTIVE large-history-report-live child 78584
2026-09-06T17:03:44.469807+00:00 ACTIVE large-history-report-live child 78584
2026-09-06T17:03:59.588881+00:00 ACTIVE large-history-report-live child 78584
2026-09-06T17:04:14.716192+00:00 ACTIVE large-history-report-live child 78584
2026-09-06T17:04:29.902079+00:00 ACTIVE large-history-report-live child 78584
2026-09-06T17:04:45.079320+00:00 ACTIVE large-history-report-live child 78584
2026-09-06T17:05:00.217028+00:00 ACTIVE large-history-report-live child 78584
2026-09-06T17:05:15.348401+00:00 ACTIVE large-history-report-live child 78584
2026-09-06T17:05:30.516287+00:00 ACTIVE large-history-report-live child 78584
2026-09-06T17:05:45.661459+00:00 ACTIVE large-history-report-live child 78584
2026-09-06T17:06:00.826686+00:00 ACTIVE large-history-report-live child 78584
2026-09-06T17:06:16.010341+00:00 ACTIVE large-history-report-live child 78584
2026-09-06T17:06:31.193509+00:00 ACTIVE large-history-report-live child 78584
2026-09-06T17:06:46.388505+00:00 ACTIVE large-history-report-live child 78584
2026-09-06T17:07:01.556108+00:00 ACTIVE large-history-report-live child 78584
2026-09-06T17:07:16.766106+00:00 ACTIVE large-history-report-live child 78584
2026-09-06T17:07:31.967312+00:00 ACTIVE large-history-report-live child 78584
2026-09-06T17:07:47.203974+00:00 ACTIVE large-history-report-live child 78584
2026-09-06T17:08:02.374822+00:00 ACTIVE large-history-report-live child 78584
2026-09-06T17:08:17.557587+00:00 ACTIVE large-history-report-live child 78584
2026-09-06T17:08:32.731141+00:00 ACTIVE large-history-report-live child 78584
2026-09-06T17:08:47.826177+00:00 ACTIVE large-history-report-live child 78584
2026-09-06T17:09:03.007424+00:00 ACTIVE large-history-report-live child 78584
2026-09-06T17:09:18.210650+00:00 ACTIVE large-history-report-live child 78584
2026-09-06T17:09:33.366971+00:00 ACTIVE large-history-report-live child 78584
2026-09-06T17:09:48.532637+00:00 ACTIVE large-history-report-live child 78584
2026-09-06T17:10:03.720287+00:00 ACTIVE large-history-report-live child 78584
2026-09-06T17:10:18.876154+00:00 ACTIVE large-history-report-live child 78584
2026-09-06T17:10:34.067488+00:00 ACTIVE large-history-report-live child 78584
2026-09-06T17:10:49.188662+00:00 ACTIVE large-history-report-live child 78584
2026-09-06T17:11:04.386192+00:00 ACTIVE large-history-report-live child 78584
2026-09-06T17:11:19.510710+00:00 ACTIVE large-history-report-live child 78584
2026-09-06T17:11:34.675256+00:00 ACTIVE large-history-report-live child 78584
2026-09-06T17:11:49.847688+00:00 ACTIVE large-history-report-live child 78584
2026-09-06T17:12:05.012980+00:00 ACTIVE large-history-report-live child 78584
2026-09-06T17:12:20.114415+00:00 ACTIVE large-history-report-live child 78584
2026-09-06T17:12:35.304314+00:00 ACTIVE large-history-report-live child 78584
2026-09-06T17:12:50.452297+00:00 ACTIVE large-history-report-live child 78584
2026-09-06T17:13:05.578985+00:00 ACTIVE large-history-report-live child 78584
2026-09-06T17:13:20.751548+00:00 ACTIVE large-history-report-live child 78584
2026-09-06T17:13:35.944129+00:00 ACTIVE large-history-report-live child 78584
2026-09-06T17:13:51.094005+00:00 ACTIVE large-history-report-live child 78584
2026-09-06T17:14:06.292289+00:00 ACTIVE large-history-report-live child 78584
2026-09-06T17:14:21.448005+00:00 ACTIVE large-history-report-live child 78584
2026-09-06T17:14:36.586527+00:00 ACTIVE large-history-report-live child 78584
2026-09-06T17:14:51.727289+00:00 ACTIVE large-history-report-live child 78584
2026-09-06T17:15:06.918205+00:00 ACTIVE large-history-report-live child 78584
2026-09-06T17:15:22.084040+00:00 ACTIVE large-history-report-live child 78584
2026-09-06T17:15:37.317786+00:00 ACTIVE large-history-report-live child 78584
2026-09-06T17:15:52.338423+00:00 ACTIVE large-history-report-live child 78584
2026-09-06T17:16:07.553908+00:00 ACTIVE large-history-report-live child 78584
2026-09-06T17:16:22.784537+00:00 ACTIVE large-history-report-live child 78584
2026-09-06T17:16:38.021622+00:00 ACTIVE large-history-report-live child 78584
2026-09-06T17:16:53.259758+00:00 ACTIVE large-history-report-live child 78584
2026-09-06T17:17:08.505846+00:00 ACTIVE large-history-report-live child 78584
2026-09-06T17:17:23.748372+00:00 ACTIVE large-history-report-live child 78584
2026-09-06T17:17:38.987747+00:00 ACTIVE large-history-report-live child 78584
2026-09-06T17:17:54.184488+00:00 ACTIVE large-history-report-live child 78584
2026-09-06T17:18:09.402525+00:00 ACTIVE large-history-report-live child 78584
2026-09-06T17:18:24.583947+00:00 ACTIVE large-history-report-live child 78584
2026-09-06T17:18:37.963897+00:00 ACTIVE large-history-report-live child 92221
2026-09-06T17:18:48.121580+00:00 RESULT large-history-report-live passed
