
Running 1 test using 1 worker


(node:68865) Warning: The 'NO_COLOR' env is ignored due to the 'FORCE_COLOR' env being set.
(Use `node --trace-warnings ...` to show where the warning was created)

[1/1] [chromium] › scenarios/lz-ppm/campaign-identity.spec.ts:14:1 › campaign: actual UI version and preserved LZPT source
[chromium] › scenarios/lz-ppm/campaign-identity.spec.ts:14:1 › campaign: actual UI version and preserved LZPT source
HARNESS_BROWSER_RECEIPT {"mode":"portable-chrome152","browserVersion":"152.0.7977.76","principalSha256":"b4cb5211a5e4d44c9f3a6bc909588c2fe62162358d4b0c04da52aa6977433769","uiVersion":"4.58.588","appUrl":"https://wolfaenpak.atlassian.net/jira/apps/087a8e18-d45a-4cb7-9d87-3e84101ac4f3/d6096af9-3082-4ee1-a05e-f8b61d766b77","executableSha256":"755178ee89130a6f1c94cc4ecb2289fe74240db3e7efe9ec69a6cfcd4b93a6ee","frameworkSha256":"bfea9981cc61dfa72d847c920f274e4e96e362954f451198d8ee1650cbefb2e6","admittedAt":"2026-09-06T17:55:16.148Z"}

  1) [chromium] › scenarios/lz-ppm/campaign-identity.spec.ts:14:1 › campaign: actual UI version and preserved LZPT source 

    Error: no temporary plan remains or original plan disappeared

    expect(received).toEqual(expected) // deep equality

    - Expected  - 0
    + Received  + 2

      Array [
        "plan-msq9dg8l-gz6mz1",
        "plan-mta3aw3t-6dyijd",
        "plan-mtbrlh8n-7ghw8u",
    +   "plan-test-mtq429na-ycwarn",
    +   "sim-bb5ccf50-eec6-4ea2-8315-bd69b3dc604d",
      ]

      55 |     expect(fingerprint, 'the complete source schedule and plan settings are unchanged').toBe(before.sourceFingerprint);
      56 |     const ledgerPath=process.env.LZ_RETAINED_UAT_LEDGER;
    > 57 |     if(!ledgerPath)expect(planIds, 'no temporary plan remains or original plan disappeared').toEqual(before.planIds);
         |                                                                                              ^
      58 |     else{
      59 |       expect(path.resolve(ledgerPath)).toBe(path.join(path.resolve(dir!),'retained-uat-ledger.json'));
      60 |       expect(fs.lstatSync(ledgerPath).isSymbolicLink()).toBe(false);const ledgerBytes=fs.readFileSync(ledgerPath),ledger=JSON.parse(ledgerBytes.toString('utf8'));
        at /Users/mihaiperdum/Projects/forge-live-harness/scenarios/lz-ppm/campaign-identity.spec.ts:57:94

    Error Context: evidence/lz-campaign/private-staged-report-owner-20260906/private-staged-report-owner-live/attempt-001/after-artifacts/scenarios-lz-ppm-campaign--76c53-n-and-preserved-LZPT-source-chromium/error-context.md


  1 failed
    [chromium] › scenarios/lz-ppm/campaign-identity.spec.ts:14:1 › campaign: actual UI version and preserved LZPT source 
