2026-09-06T00:24:10.812643+00:00 NOW sponsor-report-numeric-live NEXT estimated unknown until first measured feature SWEEP estimated unknown until first measured feature
2026-09-06T00:24:10.814550+00:00 ACTIVE sponsor-report-numeric-live child 31173
2026-09-06T00:24:19.336028+00:00 ACTIVE sponsor-report-numeric-live child 31364
2026-09-06T00:24:34.506575+00:00 ACTIVE sponsor-report-numeric-live child 31364
2026-09-06T00:24:49.713865+00:00 ACTIVE sponsor-report-numeric-live child 31364
2026-09-06T00:25:04.853355+00:00 ACTIVE sponsor-report-numeric-live child 31364
2026-09-06T00:25:20.053779+00:00 ACTIVE sponsor-report-numeric-live child 31364
2026-09-06T00:25:30.340218+00:00 ACTIVE sponsor-report-numeric-live child 32726
2026-09-06T00:25:38.822408+00:00 RESULT sponsor-report-numeric-live failed
2026-09-06T00:25:38.830751+00:00 NOW integrated-remaining-boundaries-live NEXT estimated 2026-09-06T00:27:06.844545+00:00 SWEEP estimated 2026-09-06T00:30:02.872173+00:00
2026-09-06T00:25:38.833140+00:00 ACTIVE integrated-remaining-boundaries-live child 32868
2026-09-06T00:25:47.046634+00:00 ACTIVE integrated-remaining-boundaries-live child 32984
2026-09-06T00:26:02.171949+00:00 ACTIVE integrated-remaining-boundaries-live child 32984
2026-09-06T00:26:17.255665+00:00 ACTIVE integrated-remaining-boundaries-live child 32984
2026-09-06T00:26:32.420524+00:00 ACTIVE integrated-remaining-boundaries-live child 32984
2026-09-06T00:26:47.557540+00:00 ACTIVE integrated-remaining-boundaries-live child 32984
2026-09-06T00:27:02.721518+00:00 ACTIVE integrated-remaining-boundaries-live child 32984
2026-09-06T00:27:17.840206+00:00 ACTIVE integrated-remaining-boundaries-live child 32984
2026-09-06T00:27:32.971774+00:00 ACTIVE integrated-remaining-boundaries-live child 32984
2026-09-06T00:27:48.136886+00:00 ACTIVE integrated-remaining-boundaries-live child 32984
2026-09-06T00:28:03.287018+00:00 ACTIVE integrated-remaining-boundaries-live child 32984
2026-09-06T00:28:18.448501+00:00 ACTIVE integrated-remaining-boundaries-live child 32984
2026-09-06T00:28:33.618916+00:00 ACTIVE integrated-remaining-boundaries-live child 32984
2026-09-06T00:28:48.756223+00:00 ACTIVE integrated-remaining-boundaries-live child 32984
2026-09-06T00:29:03.911690+00:00 ACTIVE integrated-remaining-boundaries-live child 32984
2026-09-06T00:29:19.074619+00:00 ACTIVE integrated-remaining-boundaries-live child 32984
2026-09-06T00:29:34.213177+00:00 ACTIVE integrated-remaining-boundaries-live child 32984
2026-09-06T00:29:49.288036+00:00 ACTIVE integrated-remaining-boundaries-live child 32984
2026-09-06T00:30:04.468428+00:00 ACTIVE integrated-remaining-boundaries-live child 32984
2026-09-06T00:30:19.654343+00:00 ACTIVE integrated-remaining-boundaries-live child 32984
2026-09-06T00:30:34.789677+00:00 ACTIVE integrated-remaining-boundaries-live child 32984
2026-09-06T00:30:50.003761+00:00 ACTIVE integrated-remaining-boundaries-live child 32984
2026-09-06T00:31:05.153952+00:00 ACTIVE integrated-remaining-boundaries-live child 32984
2026-09-06T00:31:20.390716+00:00 ACTIVE integrated-remaining-boundaries-live child 32984
2026-09-06T00:31:35.600426+00:00 ACTIVE integrated-remaining-boundaries-live child 32984
2026-09-06T00:31:50.828473+00:00 ACTIVE integrated-remaining-boundaries-live child 32984
2026-09-06T00:32:06.027157+00:00 ACTIVE integrated-remaining-boundaries-live child 32984
2026-09-06T00:32:21.244492+00:00 ACTIVE integrated-remaining-boundaries-live child 32984
2026-09-06T00:32:36.442001+00:00 ACTIVE integrated-remaining-boundaries-live child 32984
2026-09-06T00:32:51.581248+00:00 ACTIVE integrated-remaining-boundaries-live child 32984
2026-09-06T00:33:06.748162+00:00 ACTIVE integrated-remaining-boundaries-live child 32984
2026-09-06T00:33:21.890347+00:00 ACTIVE integrated-remaining-boundaries-live child 32984
2026-09-06T00:33:37.026832+00:00 ACTIVE integrated-remaining-boundaries-live child 32984
2026-09-06T00:33:52.245918+00:00 ACTIVE integrated-remaining-boundaries-live child 32984
2026-09-06T00:34:07.408238+00:00 ACTIVE integrated-remaining-boundaries-live child 32984
2026-09-06T00:34:22.547754+00:00 ACTIVE integrated-remaining-boundaries-live child 32984
2026-09-06T00:34:37.763794+00:00 ACTIVE integrated-remaining-boundaries-live child 32984
2026-09-06T00:34:52.900337+00:00 ACTIVE integrated-remaining-boundaries-live child 32984
2026-09-06T00:35:08.056109+00:00 ACTIVE integrated-remaining-boundaries-live child 32984
2026-09-06T00:35:23.204176+00:00 ACTIVE integrated-remaining-boundaries-live child 32984
2026-09-06T00:35:38.406251+00:00 ACTIVE integrated-remaining-boundaries-live child 32984
2026-09-06T00:35:53.521416+00:00 ACTIVE integrated-remaining-boundaries-live child 32984
2026-09-06T00:36:08.711805+00:00 ACTIVE integrated-remaining-boundaries-live child 32984
2026-09-06T00:36:23.862392+00:00 ACTIVE integrated-remaining-boundaries-live child 32984
2026-09-06T00:36:38.976940+00:00 ACTIVE integrated-remaining-boundaries-live child 32984
2026-09-06T00:36:54.127389+00:00 ACTIVE integrated-remaining-boundaries-live child 32984
2026-09-06T00:37:09.255351+00:00 ACTIVE integrated-remaining-boundaries-live child 32984
2026-09-06T00:37:24.417022+00:00 ACTIVE integrated-remaining-boundaries-live child 32984
2026-09-06T00:37:36.505104+00:00 ACTIVE integrated-remaining-boundaries-live child 44432
2026-09-06T00:37:44.733313+00:00 RESULT integrated-remaining-boundaries-live failed
2026-09-06T00:37:44.739447+00:00 NOW large-history-report-live NEXT estimated 2026-09-06T00:44:31.696306+00:00 SWEEP estimated 2026-09-06T00:51:18.653184+00:00
2026-09-06T00:37:44.741536+00:00 ACTIVE large-history-report-live child 44625
2026-09-06T00:37:52.720367+00:00 ACTIVE large-history-report-live child 44690
2026-09-06T00:38:07.902025+00:00 ACTIVE large-history-report-live child 44690
2026-09-06T00:38:23.071007+00:00 ACTIVE large-history-report-live child 44690
2026-09-06T00:38:38.231016+00:00 ACTIVE large-history-report-live child 44690
2026-09-06T00:38:53.403142+00:00 ACTIVE large-history-report-live child 44690
2026-09-06T00:39:08.569950+00:00 ACTIVE large-history-report-live child 44690
2026-09-06T00:39:23.695422+00:00 ACTIVE large-history-report-live child 44690
2026-09-06T00:39:38.870418+00:00 ACTIVE large-history-report-live child 44690
2026-09-06T00:39:54.053376+00:00 ACTIVE large-history-report-live child 44690
2026-09-06T00:40:09.253810+00:00 ACTIVE large-history-report-live child 44690
2026-09-06T00:40:24.395828+00:00 ACTIVE large-history-report-live child 44690
2026-09-06T00:40:29.515807+00:00 ACTIVE large-history-report-live child 47135
2026-09-06T00:40:37.770680+00:00 RESULT large-history-report-live failed
2026-09-06T00:40:37.776245+00:00 NOW capacity-size-limit-live NEXT estimated 2026-09-06T00:46:06.757313+00:00 SWEEP estimated 2026-09-06T00:46:06.757321+00:00
2026-09-06T00:40:37.778056+00:00 ACTIVE capacity-size-limit-live child 47169
2026-09-06T00:40:46.549842+00:00 ACTIVE capacity-size-limit-live child 47378
2026-09-06T00:41:01.727504+00:00 ACTIVE capacity-size-limit-live child 47378
2026-09-06T00:41:16.882671+00:00 ACTIVE capacity-size-limit-live child 47378
2026-09-06T00:41:31.998608+00:00 ACTIVE capacity-size-limit-live child 47378
2026-09-06T00:41:33.783334+00:00 ACTIVE capacity-size-limit-live child 48195
2026-09-06T00:41:42.283202+00:00 RESULT capacity-size-limit-live passed
